// Jest Snapshot v1, https://goo.gl/fbAQLP

exports[`Storyshots Home a normal component 1`] = `
<div
  className="main"
>
  From App Yo.!
</div>
`;
